npm warn Unknown env config "http-proxy". This will stop working in the next major version of npm.

> crystal-web-corporativa@1.0.0 build
> astro build && tsc -p tsconfig.server.json

21:09:25 [types] Generated 48ms
21:09:25 [build] output: "static"
21:09:25 [build] mode: "static"
21:09:25 [build] directory: /workspace/scratch/0f6b3454f6cd/crystal-web-corporativa/dist/
21:09:25 [build] Collecting build info...
21:09:25 [build] ✓ Completed in 82ms.
21:09:25 [build] Building static entrypoints...
21:09:26 [vite] ✓ built in 815ms
21:09:29 [vite] ✓ built in 3.08s
21:09:29 [build] Rearranging server assets...

 generating static routes 
21:09:29   ├─ /robots.txt (+6ms) 
21:09:29   ├─ /sitemap.xml (+2ms) 
21:09:29   ├─ /index.html (+6ms) 
21:09:29   ├─ /Brands/index.html (+3ms) 
21:09:29   ├─ /BusinessUnits/index.html (+3ms) 
21:09:29   ├─ /Certifications/index.html (+2ms) 
21:09:29   ├─ /CorporateGovernance/index.html (+5ms) 
21:09:29   ├─ /CustomerService/index.html (+2ms) 
21:09:29   ├─ /Environment/Clima/index.html (+3ms) 
21:09:29   ├─ /Environment/Prod/index.html (+3ms) 
21:09:29   ├─ /Environment/Sen/index.html (+2ms) 
21:09:29   ├─ /Environment/Water/index.html (+2ms) 
21:09:29   ├─ /EnvironmentalCommitment/index.html (+3ms) 
21:09:29   ├─ /FullPackage/index.html (+1ms) 
21:09:29   ├─ /Location/index.html (+2ms) 
21:09:29   ├─ /Others/index.html (+2ms) 
21:09:29   ├─ /OurHistory/1938-1948/index.html (+2ms) 
21:09:29   ├─ /OurHistory/1953-1964/index.html (+2ms) 
21:09:29   ├─ /OurHistory/1969/index.html (+2ms) 
21:09:29   ├─ /OurHistory/1989/index.html (+2ms) 
21:09:29   ├─ /OurHistory/1991/index.html (+2ms) 
21:09:29   ├─ /OurHistory/1994-1995/index.html (+6ms) 
21:09:29   ├─ /OurHistory/2000/index.html (+2ms) 
21:09:29   ├─ /OurHistory/2001-2011/index.html (+2ms) 
21:09:29   ├─ /OurHistory/2013/index.html (+2ms) 
21:09:29   ├─ /OurHistory/2014-2015/index.html (+2ms) 
21:09:29   ├─ /OurHistory/2018/index.html (+2ms) 
21:09:29   ├─ /OurHistory/2020/index.html (+6ms) 
21:09:29   ├─ /OurHistory/2022/index.html (+3ms) 
21:09:29   ├─ /OurHistory/2025/index.html (+2ms) 
21:09:29   ├─ /PeopleEmployees/Com/index.html (+2ms) 
21:09:29   ├─ /PeopleEmployees/Empl/index.html (+2ms) 
21:09:29   ├─ /PersonasEmpleados/Com/index.html (+2ms) 
21:09:29   ├─ /PersonasEmpleados/Empl/index.html (+2ms) 
21:09:29   ├─ /PersonasEmpleados/Fami/index.html (+2ms) 
21:09:29   ├─ /Policies/index.html (+1ms) 
21:09:29   ├─ /PurposeAndEssence/index.html (+12ms) 
21:09:29   ├─ /ServicioAlCliente/index.html (+2ms) 
21:09:29   ├─ /SocialCommitment/index.html (+2ms) 
21:09:29   ├─ /Spinning/index.html (+2ms) 
21:09:29   ├─ /SpinningProducts/index.html (+2ms) 
21:09:29   ├─ /Sustainability/index.html (+20ms) 
21:09:29   ├─ /SustainabilityReport/2021/index.html (+3ms) 
21:09:29   ├─ /SustainabilityReport/2022/index.html (+1ms) 
21:09:29   ├─ /SustainabilityReport/2023/index.html (+1ms) 
21:09:29   ├─ /SustainabilityReport/2024/index.html (+1ms) 
21:09:29   ├─ /SustainabilityReport/2025/index.html (+1ms) 
21:09:29   ├─ /ThisIsWhoWeAre/index.html (+1ms) 
21:09:29   ├─ /WhoWeAre/index.html (+1ms) 
21:09:29   ├─ /_localized/en/openEnd/index.html (+2ms) 
21:09:29   ├─ /_localized/en/ringSpun/index.html (+1ms) 
21:09:29   ├─ /_localized/en/speciality/index.html (+2ms) 
21:09:29   ├─ /asiSomos/index.html (+1ms) 
21:09:29   ├─ /certificaciones/index.html (+1ms) 
21:09:29   ├─ /compromisoAmbiental/index.html (+1ms) 
21:09:29   ├─ /compromisoSocial/index.html (+1ms) 
21:09:29   ├─ /en/index.html (+1ms) 
21:09:29   ├─ /gobiernoCorp/index.html (+1ms) 
21:09:29   ├─ /hilandProductos/index.html (+1ms) 
21:09:29   ├─ /hilanderia/index.html (+1ms) 
21:09:29   ├─ /historiaC/1938-1948/index.html (+2ms) 
21:09:29   ├─ /historiaC/1953-1964/index.html (+1ms) 
21:09:29   ├─ /historiaC/1969/index.html (+1ms) 
21:09:29   ├─ /historiaC/1989/index.html (+2ms) 
21:09:29   ├─ /historiaC/1991/index.html (+1ms) 
21:09:29   ├─ /historiaC/1994-1995/index.html (+1ms) 
21:09:29   ├─ /historiaC/2000/index.html (+2ms) 
21:09:29   ├─ /historiaC/2001-2011/index.html (+1ms) 
21:09:29   ├─ /historiaC/2013/index.html (+1ms) 
21:09:29   ├─ /historiaC/2014-2015/index.html (+1ms) 
21:09:29   ├─ /historiaC/2018/index.html (+1ms) 
21:09:29   ├─ /historiaC/2020/index.html (+1ms) 
21:09:29   ├─ /historiaC/2022/index.html (+2ms) 
21:09:29   ├─ /historiaC/2025/index.html (+2ms) 
21:09:29   ├─ /informesDeSostenibilidad/index.html (+1ms) 
21:09:29   ├─ /marcas/index.html (+2ms) 
21:09:29   ├─ /medioAmbiente/Clima/index.html (+2ms) 
21:09:29   ├─ /medioAmbiente/Prod/index.html (+2ms) 
21:09:29   ├─ /medioAmbiente/Sen/index.html (+2ms) 
21:09:29   ├─ /medioAmbiente/Water/index.html (+2ms) 
21:09:29   ├─ /openEnd/index.html (+2ms) 
21:09:29   ├─ /otros/index.html (+2ms) 
21:09:29   ├─ /paquete/index.html (+2ms) 
21:09:29   ├─ /politicas/index.html (+1ms) 
21:09:29   ├─ /pqrs/index.html (+1ms) 
21:09:29   ├─ /propositoyesencia/index.html (+1ms) 
21:09:29   ├─ /quienesSomos/index.html (+2ms) 
21:09:29   ├─ /ringSpun/index.html (+2ms) 
21:09:29   ├─ /sostenibilidad/index.html (+1ms) 
21:09:29   ├─ /sostenibilidadReporte/2021/index.html (+1ms) 
21:09:29   ├─ /sostenibilidadReporte/2022/index.html (+1ms) 
21:09:29   ├─ /sostenibilidadReporte/2023/index.html (+1ms) 
21:09:29   ├─ /sostenibilidadReporte/2024/index.html (+1ms) 
21:09:29   ├─ /sostenibilidadReporte/2025/index.html (+1ms) 
21:09:29   ├─ /speciality/index.html (+2ms) 
21:09:29   ├─ /sustainabilityReports/index.html (+1ms) 
21:09:29   ├─ /ubicacion/index.html (+2ms) 
21:09:29   ├─ /unidades/index.html (+2ms) 
21:09:29 ✓ Completed in 262ms.

21:09:29 [build] ✓ Completed in 4.21s.
21:09:29 [build] 96 page(s) built in 4.37s
21:09:29 [build] Complete!
